2025-03-30 11:27:24 INFO  TestListeners:36 - Test Suite execution started....
2025-03-30 11:27:24 INFO  TestListeners:15 - Test Case execution started displayConfigfile
2025-03-30 11:27:24 INFO  TestListeners:20 - Test Case Passed displayConfigfile
2025-03-30 11:27:24 INFO  TestListeners:21 - Description 
2025-03-30 11:27:24 INFO  TestListeners:41 - Test Suite execution finished....
2025-03-30 11:28:42 INFO  TestListeners:36 - Test Suite execution started....
2025-03-30 11:28:42 INFO  TestListeners:15 - Test Case execution started actionMethods
2025-03-30 12:36:32 INFO  TestListeners:36 - Test Suite execution started....
2025-03-30 12:36:42 INFO  TestListeners:15 - Test Case execution started actionMethods
2025-03-30 12:36:42 ERROR TestListeners:26 - Test Case Failed actionMethods
2025-03-30 12:36:42 INFO  TestListeners:27 - Description 
2025-03-30 12:36:42 INFO  TestListeners:15 - Test Case execution started alerts
2025-03-30 12:36:42 INFO  TestListeners:31 - Test Case Skipped alerts
2025-03-30 12:36:42 INFO  TestListeners:32 - Description Verify all types of alerts
2025-03-30 12:36:42 INFO  TestListeners:15 - Test Case execution started assignment01
2025-03-30 12:36:42 INFO  TestListeners:31 - Test Case Skipped assignment01
2025-03-30 12:36:42 INFO  TestListeners:32 - Description Verify wikipedia page assignment
2025-03-30 12:36:42 INFO  TestListeners:15 - Test Case execution started assignment3
2025-03-30 12:36:42 INFO  TestListeners:31 - Test Case Skipped assignment3
2025-03-30 12:36:42 INFO  TestListeners:32 - Description 
2025-03-30 12:36:42 INFO  TestListeners:15 - Test Case execution started assignmenttwo
2025-03-30 12:36:42 INFO  TestListeners:31 - Test Case Skipped assignmenttwo
2025-03-30 12:36:42 INFO  TestListeners:32 - Description Verify table counts
2025-03-30 12:36:42 INFO  TestListeners:15 - Test Case execution started authenticationPopup
2025-03-30 12:36:42 INFO  TestListeners:31 - Test Case Skipped authenticationPopup
2025-03-30 12:36:42 INFO  TestListeners:32 - Description Verify authentication type popup
2025-03-30 12:36:42 INFO  TestListeners:15 - Test Case execution started brokenLinks
2025-03-30 12:36:42 INFO  TestListeners:31 - Test Case Skipped brokenLinks
2025-03-30 12:36:42 INFO  TestListeners:32 - Description 
2025-03-30 12:36:42 INFO  TestListeners:15 - Test Case execution started captureAllDropdownValue
2025-03-30 12:36:42 INFO  TestListeners:31 - Test Case Skipped captureAllDropdownValue
2025-03-30 12:36:42 INFO  TestListeners:32 - Description 
2025-03-30 12:36:42 INFO  TestListeners:15 - Test Case execution started chromeOptions
2025-03-30 12:36:42 INFO  TestListeners:31 - Test Case Skipped chromeOptions
2025-03-30 12:36:42 INFO  TestListeners:32 - Description 
2025-03-30 12:36:42 INFO  TestListeners:15 - Test Case execution started clickInAutoSuggestDD
2025-03-30 12:36:42 INFO  TestListeners:31 - Test Case Skipped clickInAutoSuggestDD
2025-03-30 12:36:42 INFO  TestListeners:32 - Description 
2025-03-30 12:36:42 INFO  TestListeners:15 - Test Case execution started conditionalMethods
2025-03-30 12:36:42 INFO  TestListeners:31 - Test Case Skipped conditionalMethods
2025-03-30 12:36:42 INFO  TestListeners:32 - Description Verify all conditional methods
2025-03-30 12:36:42 INFO  TestListeners:15 - Test Case execution started datePicker
2025-03-30 12:36:42 INFO  TestListeners:31 - Test Case Skipped datePicker
2025-03-30 12:36:42 INFO  TestListeners:32 - Description 
2025-03-30 12:36:42 INFO  TestListeners:15 - Test Case execution started displayConfigfile
2025-03-30 12:36:42 INFO  TestListeners:31 - Test Case Skipped displayConfigfile
2025-03-30 12:36:42 INFO  TestListeners:32 - Description 
2025-03-30 12:36:42 INFO  TestListeners:15 - Test Case execution started draganddrop
2025-03-30 12:36:42 INFO  TestListeners:31 - Test Case Skipped draganddrop
2025-03-30 12:36:42 INFO  TestListeners:32 - Description 
2025-03-30 12:36:42 INFO  TestListeners:15 - Test Case execution started dropdowns
2025-03-30 12:36:42 INFO  TestListeners:31 - Test Case Skipped dropdowns
2025-03-30 12:36:42 INFO  TestListeners:32 - Description 
2025-03-30 12:36:42 INFO  TestListeners:15 - Test Case execution started dynamicDropdown
2025-03-30 12:36:42 INFO  TestListeners:31 - Test Case Skipped dynamicDropdown
2025-03-30 12:36:42 INFO  TestListeners:32 - Description 
2025-03-30 12:36:42 INFO  TestListeners:15 - Test Case execution started enableExtension
2025-03-30 12:36:42 INFO  TestListeners:31 - Test Case Skipped enableExtension
2025-03-30 12:36:42 INFO  TestListeners:32 - Description 
2025-03-30 12:36:42 INFO  TestListeners:15 - Test Case execution started frame
2025-03-30 12:36:42 INFO  TestListeners:31 - Test Case Skipped frame
2025-03-30 12:36:42 INFO  TestListeners:32 - Description 
2025-03-30 12:36:42 INFO  TestListeners:15 - Test Case execution started getMethods
2025-03-30 12:36:42 INFO  TestListeners:31 - Test Case Skipped getMethods
2025-03-30 12:36:42 INFO  TestListeners:32 - Description Verify all get methods
2025-03-30 12:36:42 INFO  TestListeners:15 - Test Case execution started getTextInPage
2025-03-30 12:36:42 INFO  TestListeners:31 - Test Case Skipped getTextInPage
2025-03-30 12:36:42 INFO  TestListeners:32 - Description 
2025-03-30 12:36:42 INFO  TestListeners:15 - Test Case execution started handleAlertWithExplicitWait
2025-03-30 12:36:42 INFO  TestListeners:31 - Test Case Skipped handleAlertWithExplicitWait
2025-03-30 12:36:42 INFO  TestListeners:32 - Description Verify alert handling with explicit alerts
2025-03-30 12:36:42 INFO  TestListeners:15 - Test Case execution started handleSSL
2025-03-30 12:36:42 INFO  TestListeners:31 - Test Case Skipped handleSSL
2025-03-30 12:36:42 INFO  TestListeners:32 - Description 
2025-03-30 12:36:42 INFO  TestListeners:15 - Test Case execution started incognitoMode
2025-03-30 12:36:42 INFO  TestListeners:31 - Test Case Skipped incognitoMode
2025-03-30 12:36:42 INFO  TestListeners:32 - Description 
2025-03-30 12:36:42 INFO  TestListeners:15 - Test Case execution started javascriptexecutor
2025-03-30 12:36:42 INFO  TestListeners:31 - Test Case Skipped javascriptexecutor
2025-03-30 12:36:42 INFO  TestListeners:32 - Description 
2025-03-30 12:36:42 INFO  TestListeners:15 - Test Case execution started javascriptexecutorScrolling
2025-03-30 12:36:42 INFO  TestListeners:31 - Test Case Skipped javascriptexecutorScrolling
2025-03-30 12:36:42 INFO  TestListeners:32 - Description 
2025-03-30 12:36:42 INFO  TestListeners:15 - Test Case execution started keyboardactions
2025-03-30 12:36:42 INFO  TestListeners:31 - Test Case Skipped keyboardactions
2025-03-30 12:36:42 INFO  TestListeners:32 - Description 
2025-03-30 12:36:42 INFO  TestListeners:15 - Test Case execution started makeMyTrip
2025-03-30 12:36:42 INFO  TestListeners:31 - Test Case Skipped makeMyTrip
2025-03-30 12:36:42 INFO  TestListeners:32 - Description Verify mmt small window close
2025-03-30 12:36:42 INFO  TestListeners:15 - Test Case execution started navigationCommands
2025-03-30 12:36:42 INFO  TestListeners:31 - Test Case Skipped navigationCommands
2025-03-30 12:36:42 INFO  TestListeners:32 - Description Verify all navigation commands
2025-03-30 12:36:42 INFO  TestListeners:15 - Test Case execution started nykaa
2025-03-30 12:36:42 INFO  TestListeners:31 - Test Case Skipped nykaa
2025-03-30 12:36:42 INFO  TestListeners:32 - Description 
2025-03-30 12:36:42 INFO  TestListeners:15 - Test Case execution started readExcelFile
2025-03-30 12:36:42 INFO  TestListeners:31 - Test Case Skipped readExcelFile
2025-03-30 12:36:42 INFO  TestListeners:32 - Description 
2025-03-30 12:36:42 INFO  TestListeners:15 - Test Case execution started shadowDomElement
2025-03-30 12:36:42 INFO  TestListeners:31 - Test Case Skipped shadowDomElement
2025-03-30 12:36:42 INFO  TestListeners:32 - Description 
2025-03-30 12:36:42 INFO  TestListeners:15 - Test Case execution started slider
2025-03-30 12:36:42 INFO  TestListeners:31 - Test Case Skipped slider
2025-03-30 12:36:42 INFO  TestListeners:32 - Description 
2025-03-30 12:36:42 INFO  TestListeners:15 - Test Case execution started staticWebTable
2025-03-30 12:36:42 INFO  TestListeners:31 - Test Case Skipped staticWebTable
2025-03-30 12:36:42 INFO  TestListeners:32 - Description 
2025-03-30 12:36:42 INFO  TestListeners:15 - Test Case execution started svgElement
2025-03-30 12:36:42 INFO  TestListeners:31 - Test Case Skipped svgElement
2025-03-30 12:36:42 INFO  TestListeners:32 - Description 
2025-03-30 12:36:42 INFO  TestListeners:15 - Test Case execution started takeScrennshort
2025-03-30 12:36:42 INFO  TestListeners:31 - Test Case Skipped takeScrennshort
2025-03-30 12:36:42 INFO  TestListeners:32 - Description 
2025-03-30 12:36:42 INFO  TestListeners:15 - Test Case execution started test
2025-03-30 12:36:42 INFO  TestListeners:31 - Test Case Skipped test
2025-03-30 12:36:42 INFO  TestListeners:32 - Description Verify all tshirts size count
2025-03-30 12:36:42 INFO  TestListeners:15 - Test Case execution started uploadfile
2025-03-30 12:36:42 INFO  TestListeners:31 - Test Case Skipped uploadfile
2025-03-30 12:36:42 INFO  TestListeners:32 - Description 
2025-03-30 12:36:42 INFO  TestListeners:15 - Test Case execution started writeExcelFile
2025-03-30 12:36:42 INFO  TestListeners:31 - Test Case Skipped writeExcelFile
2025-03-30 12:36:42 INFO  TestListeners:32 - Description 
2025-03-30 12:36:42 INFO  TestListeners:41 - Test Suite execution finished....
2025-03-30 12:38:34 INFO  TestListeners:36 - Test Suite execution started....
2025-03-30 12:38:35 INFO  TestListeners:15 - Test Case execution started actionMethods
2025-03-30 12:38:50 INFO  TestListeners:20 - Test Case Passed actionMethods
2025-03-30 12:38:50 INFO  TestListeners:21 - Description 
2025-03-30 12:38:51 INFO  TestListeners:15 - Test Case execution started alerts
2025-03-30 12:39:01 INFO  TestListeners:20 - Test Case Passed alerts
2025-03-30 12:39:01 INFO  TestListeners:21 - Description Verify all types of alerts
2025-03-30 12:39:01 INFO  TestListeners:15 - Test Case execution started assignment01
2025-03-31 07:45:17 INFO  TestListeners:36 - Test Suite execution started....
2025-03-31 07:45:20 INFO  TestListeners:15 - Test Case execution started actionMethods
2025-03-31 07:45:27 INFO  TestListeners:20 - Test Case Passed actionMethods
2025-03-31 07:45:27 INFO  TestListeners:21 - Description 
2025-03-31 07:45:28 INFO  TestListeners:15 - Test Case execution started alerts
2025-03-31 07:45:33 INFO  TestListeners:20 - Test Case Passed alerts
2025-03-31 07:45:33 INFO  TestListeners:21 - Description Verify all types of alerts
2025-03-31 07:45:34 INFO  TestListeners:15 - Test Case execution started assignment01
2025-03-31 07:45:45 INFO  TestListeners:20 - Test Case Passed assignment01
2025-03-31 07:45:45 INFO  TestListeners:21 - Description Verify wikipedia page assignment
2025-03-31 07:45:46 INFO  TestListeners:15 - Test Case execution started assignment3
2025-03-31 07:45:54 INFO  TestListeners:20 - Test Case Passed assignment3
2025-03-31 07:45:54 INFO  TestListeners:21 - Description 
2025-03-31 07:45:55 INFO  TestListeners:15 - Test Case execution started assignmenttwo
2025-03-31 07:46:00 INFO  TestListeners:20 - Test Case Passed assignmenttwo
2025-03-31 07:46:00 INFO  TestListeners:21 - Description Verify table counts
2025-03-31 07:46:00 INFO  TestListeners:15 - Test Case execution started authenticationPopup
2025-03-31 07:46:05 INFO  TestListeners:20 - Test Case Passed authenticationPopup
2025-03-31 07:46:05 INFO  TestListeners:21 - Description Verify authentication type popup
2025-03-31 07:46:06 INFO  TestListeners:15 - Test Case execution started brokenLinks
2025-03-31 07:46:50 INFO  TestListeners:20 - Test Case Passed brokenLinks
2025-03-31 07:46:50 INFO  TestListeners:21 - Description 
2025-03-31 07:46:50 INFO  TestListeners:15 - Test Case execution started captureAllDropdownValue
2025-03-31 07:46:55 INFO  TestListeners:20 - Test Case Passed captureAllDropdownValue
2025-03-31 07:46:55 INFO  TestListeners:21 - Description 
2025-03-31 07:46:56 INFO  TestListeners:15 - Test Case execution started chromeOptions
2025-03-31 07:47:01 INFO  TestListeners:20 - Test Case Passed chromeOptions
2025-03-31 07:47:01 INFO  TestListeners:21 - Description 
2025-03-31 07:47:02 INFO  TestListeners:15 - Test Case execution started clickInAutoSuggestDD
2025-03-31 07:47:07 INFO  TestListeners:20 - Test Case Passed clickInAutoSuggestDD
2025-03-31 07:47:07 INFO  TestListeners:21 - Description 
2025-03-31 07:47:08 INFO  TestListeners:15 - Test Case execution started conditionalMethods
2025-03-31 07:47:09 ERROR TestListeners:26 - Test Case Failed conditionalMethods
2025-03-31 07:47:09 INFO  TestListeners:27 - Description Verify all conditional methods
2025-03-31 07:47:10 INFO  TestListeners:15 - Test Case execution started datePicker
2025-03-31 15:58:34 INFO  TestListeners:36 - Test Suite execution started....
2025-03-31 15:58:39 INFO  TestListeners:15 - Test Case execution started actionMethods
2025-03-31 15:58:46 INFO  TestListeners:20 - Test Case Passed actionMethods
2025-03-31 15:58:46 INFO  TestListeners:21 - Description 
2025-03-31 15:58:46 INFO  TestListeners:15 - Test Case execution started alerts
2025-03-31 15:58:59 INFO  TestListeners:20 - Test Case Passed alerts
2025-03-31 15:58:59 INFO  TestListeners:21 - Description Verify all types of alerts
2025-03-31 15:59:00 INFO  TestListeners:15 - Test Case execution started assignment01
2025-03-31 15:59:08 INFO  TestListeners:20 - Test Case Passed assignment01
2025-03-31 15:59:08 INFO  TestListeners:21 - Description Verify wikipedia page assignment
2025-03-31 15:59:09 INFO  TestListeners:15 - Test Case execution started assignment3
2025-03-31 15:59:16 INFO  TestListeners:20 - Test Case Passed assignment3
2025-03-31 15:59:16 INFO  TestListeners:21 - Description 
2025-03-31 15:59:17 INFO  TestListeners:15 - Test Case execution started assignmenttwo
2025-03-31 15:59:22 INFO  TestListeners:20 - Test Case Passed assignmenttwo
2025-03-31 15:59:22 INFO  TestListeners:21 - Description Verify table counts
2025-03-31 15:59:23 INFO  TestListeners:15 - Test Case execution started authenticationPopup
2025-03-31 15:59:29 INFO  TestListeners:20 - Test Case Passed authenticationPopup
2025-03-31 15:59:29 INFO  TestListeners:21 - Description Verify authentication type popup
2025-03-31 15:59:29 INFO  TestListeners:15 - Test Case execution started brokenLinks
2025-03-31 16:00:14 INFO  TestListeners:20 - Test Case Passed brokenLinks
2025-03-31 16:00:14 INFO  TestListeners:21 - Description 
2025-03-31 16:00:15 INFO  TestListeners:15 - Test Case execution started captureAllDropdownValue
2025-03-31 16:00:18 INFO  TestListeners:20 - Test Case Passed captureAllDropdownValue
2025-03-31 16:00:18 INFO  TestListeners:21 - Description 
2025-03-31 16:00:19 INFO  TestListeners:15 - Test Case execution started chromeOptions
2025-03-31 16:00:22 INFO  TestListeners:20 - Test Case Passed chromeOptions
2025-03-31 16:00:22 INFO  TestListeners:21 - Description 
2025-03-31 16:00:22 INFO  TestListeners:15 - Test Case execution started clickInAutoSuggestDD
2025-03-31 16:00:31 ERROR TestListeners:26 - Test Case Failed clickInAutoSuggestDD
2025-03-31 16:00:31 INFO  TestListeners:27 - Description 
2025-03-31 16:00:32 INFO  TestListeners:15 - Test Case execution started conditionalMethods
2025-03-31 16:00:34 ERROR TestListeners:26 - Test Case Failed conditionalMethods
2025-03-31 16:00:34 INFO  TestListeners:27 - Description Verify all conditional methods
2025-03-31 16:00:35 INFO  TestListeners:15 - Test Case execution started datePicker
2025-03-31 16:00:54 INFO  TestListeners:20 - Test Case Passed datePicker
2025-03-31 16:00:54 INFO  TestListeners:21 - Description 
2025-03-31 16:00:55 INFO  TestListeners:15 - Test Case execution started displayConfigfile
2025-03-31 16:00:55 INFO  TestListeners:20 - Test Case Passed displayConfigfile
2025-03-31 16:00:55 INFO  TestListeners:21 - Description 
2025-03-31 16:00:56 INFO  TestListeners:15 - Test Case execution started draganddrop
2025-03-31 16:00:59 INFO  TestListeners:20 - Test Case Passed draganddrop
2025-03-31 16:00:59 INFO  TestListeners:21 - Description 
2025-03-31 16:01:00 INFO  TestListeners:15 - Test Case execution started dropdowns
2025-03-31 16:01:06 INFO  TestListeners:20 - Test Case Passed dropdowns
2025-03-31 16:01:06 INFO  TestListeners:21 - Description 
2025-03-31 16:01:07 INFO  TestListeners:15 - Test Case execution started dynamicDropdown
2025-03-31 16:01:16 INFO  TestListeners:20 - Test Case Passed dynamicDropdown
2025-03-31 16:01:16 INFO  TestListeners:21 - Description 
2025-03-31 16:01:17 INFO  TestListeners:15 - Test Case execution started enableExtension
2025-03-31 16:01:21 ERROR TestListeners:26 - Test Case Failed enableExtension
2025-03-31 16:01:21 INFO  TestListeners:27 - Description 
2025-03-31 16:01:22 INFO  TestListeners:15 - Test Case execution started frame
2025-03-31 16:01:28 INFO  TestListeners:20 - Test Case Passed frame
2025-03-31 16:01:28 INFO  TestListeners:21 - Description 
2025-03-31 16:01:28 INFO  TestListeners:15 - Test Case execution started getMethods
2025-03-31 16:01:43 INFO  TestListeners:20 - Test Case Passed getMethods
2025-03-31 16:01:43 INFO  TestListeners:21 - Description Verify all get methods
2025-03-31 16:01:44 INFO  TestListeners:15 - Test Case execution started getTextInPage
2025-03-31 16:01:49 INFO  TestListeners:20 - Test Case Passed getTextInPage
2025-03-31 16:01:49 INFO  TestListeners:21 - Description 
2025-03-31 16:01:50 INFO  TestListeners:15 - Test Case execution started handleAlertWithExplicitWait
2025-03-31 16:01:56 INFO  TestListeners:20 - Test Case Passed handleAlertWithExplicitWait
2025-03-31 16:01:56 INFO  TestListeners:21 - Description Verify alert handling with explicit alerts
2025-03-31 16:01:56 INFO  TestListeners:15 - Test Case execution started handleSSL
2025-03-31 16:01:59 INFO  TestListeners:20 - Test Case Passed handleSSL
2025-03-31 16:01:59 INFO  TestListeners:21 - Description 
2025-03-31 16:02:00 INFO  TestListeners:15 - Test Case execution started incognitoMode
2025-03-31 16:02:03 INFO  TestListeners:20 - Test Case Passed incognitoMode
2025-03-31 16:02:03 INFO  TestListeners:21 - Description 
2025-03-31 16:02:04 INFO  TestListeners:15 - Test Case execution started javascriptexecutor
2025-03-31 16:02:09 INFO  TestListeners:20 - Test Case Passed javascriptexecutor
2025-03-31 16:02:09 INFO  TestListeners:21 - Description 
2025-03-31 16:02:10 INFO  TestListeners:15 - Test Case execution started javascriptexecutorScrolling
2025-03-31 16:02:17 INFO  TestListeners:20 - Test Case Passed javascriptexecutorScrolling
2025-03-31 16:02:17 INFO  TestListeners:21 - Description 
2025-03-31 16:02:17 INFO  TestListeners:15 - Test Case execution started keyboardactions
2025-03-31 16:03:32 ERROR TestListeners:26 - Test Case Failed keyboardactions
2025-03-31 16:03:32 INFO  TestListeners:27 - Description 
2025-03-31 16:03:33 INFO  TestListeners:15 - Test Case execution started makeMyTrip
2025-03-31 16:03:38 ERROR TestListeners:26 - Test Case Failed makeMyTrip
2025-03-31 16:03:38 INFO  TestListeners:27 - Description Verify mmt small window close
2025-03-31 16:03:39 INFO  TestListeners:15 - Test Case execution started navigationCommands
2025-03-31 16:03:40 ERROR TestListeners:26 - Test Case Failed navigationCommands
2025-03-31 16:03:40 INFO  TestListeners:27 - Description Verify all navigation commands
2025-03-31 16:03:41 INFO  TestListeners:15 - Test Case execution started nykaa
2025-03-31 16:03:46 ERROR TestListeners:26 - Test Case Failed nykaa
2025-03-31 16:03:46 INFO  TestListeners:27 - Description 
2025-03-31 16:03:47 INFO  TestListeners:15 - Test Case execution started readExcelFile
2025-03-31 16:03:48 INFO  TestListeners:20 - Test Case Passed readExcelFile
2025-03-31 16:03:48 INFO  TestListeners:21 - Description 
2025-03-31 16:03:48 INFO  TestListeners:15 - Test Case execution started shadowDomElement
2025-03-31 16:03:54 INFO  TestListeners:20 - Test Case Passed shadowDomElement
2025-03-31 16:03:54 INFO  TestListeners:21 - Description 
2025-03-31 16:03:55 INFO  TestListeners:15 - Test Case execution started slider
2025-03-31 16:04:07 INFO  TestListeners:20 - Test Case Passed slider
2025-03-31 16:04:07 INFO  TestListeners:21 - Description 
2025-03-31 16:04:08 INFO  TestListeners:15 - Test Case execution started staticWebTable
2025-03-31 16:04:13 INFO  TestListeners:20 - Test Case Passed staticWebTable
2025-03-31 16:04:13 INFO  TestListeners:21 - Description 
2025-03-31 16:04:14 INFO  TestListeners:15 - Test Case execution started svgElement
2025-03-31 16:04:21 INFO  TestListeners:20 - Test Case Passed svgElement
2025-03-31 16:04:21 INFO  TestListeners:21 - Description 
2025-03-31 16:04:22 INFO  TestListeners:15 - Test Case execution started takeScrennshort
2025-03-31 16:04:27 INFO  TestListeners:20 - Test Case Passed takeScrennshort
2025-03-31 16:04:27 INFO  TestListeners:21 - Description 
2025-03-31 16:04:28 INFO  TestListeners:15 - Test Case execution started test
2025-03-31 16:04:53 INFO  TestListeners:36 - Test Suite execution started....
2025-03-31 16:04:54 INFO  TestListeners:15 - Test Case execution started actionMethods
2025-03-31 16:05:02 INFO  TestListeners:20 - Test Case Passed actionMethods
2025-03-31 16:05:02 INFO  TestListeners:21 - Description 
2025-03-31 16:05:03 INFO  TestListeners:15 - Test Case execution started alerts
2025-03-31 16:05:08 INFO  TestListeners:20 - Test Case Passed alerts
2025-03-31 16:05:08 INFO  TestListeners:21 - Description Verify all types of alerts
2025-03-31 16:05:09 INFO  TestListeners:15 - Test Case execution started assignment01
2025-03-31 16:05:19 INFO  TestListeners:20 - Test Case Passed assignment01
2025-03-31 16:05:19 INFO  TestListeners:21 - Description Verify wikipedia page assignment
2025-03-31 16:05:20 INFO  TestListeners:15 - Test Case execution started assignment3
2025-03-31 16:05:26 INFO  TestListeners:20 - Test Case Passed assignment3
2025-03-31 16:05:26 INFO  TestListeners:21 - Description 
2025-03-31 16:05:27 INFO  TestListeners:15 - Test Case execution started assignmenttwo
2025-03-31 16:05:32 INFO  TestListeners:20 - Test Case Passed assignmenttwo
2025-03-31 16:05:32 INFO  TestListeners:21 - Description Verify table counts
2025-03-31 16:05:32 INFO  TestListeners:15 - Test Case execution started authenticationPopup
2025-03-31 16:05:37 INFO  TestListeners:20 - Test Case Passed authenticationPopup
2025-03-31 16:05:37 INFO  TestListeners:21 - Description Verify authentication type popup
2025-03-31 16:05:38 INFO  TestListeners:15 - Test Case execution started brokenLinks
2025-03-31 16:06:24 INFO  TestListeners:20 - Test Case Passed brokenLinks
2025-03-31 16:06:24 INFO  TestListeners:21 - Description 
2025-03-31 16:06:25 INFO  TestListeners:15 - Test Case execution started captureAllDropdownValue
2025-03-31 16:06:27 INFO  TestListeners:20 - Test Case Passed captureAllDropdownValue
2025-03-31 16:06:27 INFO  TestListeners:21 - Description 
2025-03-31 16:06:28 INFO  TestListeners:15 - Test Case execution started chromeOptions
2025-03-31 16:06:31 INFO  TestListeners:20 - Test Case Passed chromeOptions
2025-03-31 16:06:31 INFO  TestListeners:21 - Description 
2025-03-31 16:06:32 INFO  TestListeners:15 - Test Case execution started clickInAutoSuggestDD
2025-03-31 16:06:41 ERROR TestListeners:26 - Test Case Failed clickInAutoSuggestDD
2025-03-31 16:06:41 INFO  TestListeners:27 - Description 
2025-03-31 16:06:42 INFO  TestListeners:15 - Test Case execution started conditionalMethods
2025-03-31 16:06:44 ERROR TestListeners:26 - Test Case Failed conditionalMethods
2025-03-31 16:06:44 INFO  TestListeners:27 - Description Verify all conditional methods
2025-03-31 16:06:45 INFO  TestListeners:15 - Test Case execution started datePicker
2025-03-31 16:07:02 INFO  TestListeners:20 - Test Case Passed datePicker
2025-03-31 16:07:02 INFO  TestListeners:21 - Description 
2025-03-31 16:07:03 INFO  TestListeners:15 - Test Case execution started displayConfigfile
2025-03-31 16:07:03 INFO  TestListeners:20 - Test Case Passed displayConfigfile
2025-03-31 16:07:03 INFO  TestListeners:21 - Description 
2025-03-31 16:07:04 INFO  TestListeners:15 - Test Case execution started draganddrop
2025-03-31 16:07:07 INFO  TestListeners:20 - Test Case Passed draganddrop
2025-03-31 16:07:07 INFO  TestListeners:21 - Description 
2025-03-31 16:07:08 INFO  TestListeners:15 - Test Case execution started dropdowns
2025-03-31 16:07:14 INFO  TestListeners:20 - Test Case Passed dropdowns
2025-03-31 16:07:14 INFO  TestListeners:21 - Description 
2025-03-31 16:07:14 INFO  TestListeners:15 - Test Case execution started dynamicDropdown
2025-03-31 16:07:23 INFO  TestListeners:20 - Test Case Passed dynamicDropdown
2025-03-31 16:07:23 INFO  TestListeners:21 - Description 
2025-03-31 16:07:24 INFO  TestListeners:15 - Test Case execution started enableExtension
2025-03-31 16:07:28 ERROR TestListeners:26 - Test Case Failed enableExtension
2025-03-31 16:07:28 INFO  TestListeners:27 - Description 
2025-03-31 16:07:29 INFO  TestListeners:15 - Test Case execution started frame
2025-03-31 16:07:35 INFO  TestListeners:20 - Test Case Passed frame
2025-03-31 16:07:35 INFO  TestListeners:21 - Description 
2025-03-31 16:07:36 INFO  TestListeners:15 - Test Case execution started getMethods
2025-03-31 16:07:47 INFO  TestListeners:20 - Test Case Passed getMethods
2025-03-31 16:07:47 INFO  TestListeners:21 - Description Verify all get methods
2025-03-31 16:07:48 INFO  TestListeners:15 - Test Case execution started getTextInPage
2025-03-31 16:07:52 INFO  TestListeners:20 - Test Case Passed getTextInPage
2025-03-31 16:07:52 INFO  TestListeners:21 - Description 
2025-03-31 16:07:53 INFO  TestListeners:15 - Test Case execution started handleAlertWithExplicitWait
2025-03-31 16:07:58 INFO  TestListeners:20 - Test Case Passed handleAlertWithExplicitWait
2025-03-31 16:07:58 INFO  TestListeners:21 - Description Verify alert handling with explicit alerts
2025-03-31 16:07:59 INFO  TestListeners:15 - Test Case execution started handleSSL
2025-03-31 16:08:02 INFO  TestListeners:20 - Test Case Passed handleSSL
2025-03-31 16:08:02 INFO  TestListeners:21 - Description 
2025-03-31 16:08:03 INFO  TestListeners:15 - Test Case execution started incognitoMode
2025-03-31 16:08:05 INFO  TestListeners:20 - Test Case Passed incognitoMode
2025-03-31 16:08:05 INFO  TestListeners:21 - Description 
2025-03-31 16:08:06 INFO  TestListeners:15 - Test Case execution started javascriptexecutor
2025-03-31 16:08:10 INFO  TestListeners:20 - Test Case Passed javascriptexecutor
2025-03-31 16:08:10 INFO  TestListeners:21 - Description 
2025-03-31 16:08:11 INFO  TestListeners:15 - Test Case execution started javascriptexecutorScrolling
2025-03-31 16:08:15 INFO  TestListeners:20 - Test Case Passed javascriptexecutorScrolling
2025-03-31 16:08:15 INFO  TestListeners:21 - Description 
2025-03-31 16:08:16 INFO  TestListeners:15 - Test Case execution started keyboardactions
2025-03-31 16:09:38 ERROR TestListeners:26 - Test Case Failed keyboardactions
2025-03-31 16:09:38 INFO  TestListeners:27 - Description 
2025-03-31 16:09:39 INFO  TestListeners:15 - Test Case execution started makeMyTrip
2025-03-31 16:09:45 ERROR TestListeners:26 - Test Case Failed makeMyTrip
2025-03-31 16:09:45 INFO  TestListeners:27 - Description Verify mmt small window close
2025-03-31 16:09:45 INFO  TestListeners:15 - Test Case execution started navigationCommands
2025-03-31 16:09:47 ERROR TestListeners:26 - Test Case Failed navigationCommands
2025-03-31 16:09:47 INFO  TestListeners:27 - Description Verify all navigation commands
2025-03-31 16:09:48 INFO  TestListeners:15 - Test Case execution started nykaa
2025-03-31 16:09:53 ERROR TestListeners:26 - Test Case Failed nykaa
2025-03-31 16:09:53 INFO  TestListeners:27 - Description 
2025-03-31 16:09:54 INFO  TestListeners:15 - Test Case execution started readExcelFile
2025-03-31 16:09:54 INFO  TestListeners:20 - Test Case Passed readExcelFile
2025-03-31 16:09:54 INFO  TestListeners:21 - Description 
2025-03-31 16:09:55 INFO  TestListeners:15 - Test Case execution started shadowDomElement
2025-03-31 16:10:01 INFO  TestListeners:20 - Test Case Passed shadowDomElement
2025-03-31 16:10:01 INFO  TestListeners:21 - Description 
2025-03-31 16:10:02 INFO  TestListeners:15 - Test Case execution started slider
2025-03-31 16:10:14 INFO  TestListeners:20 - Test Case Passed slider
2025-03-31 16:10:14 INFO  TestListeners:21 - Description 
2025-03-31 16:10:15 INFO  TestListeners:15 - Test Case execution started staticWebTable
2025-03-31 16:10:20 INFO  TestListeners:20 - Test Case Passed staticWebTable
2025-03-31 16:10:20 INFO  TestListeners:21 - Description 
2025-03-31 16:10:21 INFO  TestListeners:15 - Test Case execution started svgElement
2025-03-31 16:10:29 INFO  TestListeners:20 - Test Case Passed svgElement
2025-03-31 16:10:29 INFO  TestListeners:21 - Description 
2025-03-31 16:10:30 INFO  TestListeners:15 - Test Case execution started takeScrennshort
2025-03-31 16:10:36 INFO  TestListeners:20 - Test Case Passed takeScrennshort
2025-03-31 16:10:36 INFO  TestListeners:21 - Description 
2025-03-31 16:10:37 INFO  TestListeners:15 - Test Case execution started test
2025-03-31 16:11:14 INFO  TestListeners:20 - Test Case Passed test
2025-03-31 16:11:14 INFO  TestListeners:21 - Description Verify all tshirts size count
2025-03-31 16:11:15 INFO  TestListeners:15 - Test Case execution started uploadfile
2025-03-31 16:11:17 INFO  TestListeners:20 - Test Case Passed uploadfile
2025-03-31 16:11:17 INFO  TestListeners:21 - Description 
2025-03-31 16:11:18 INFO  TestListeners:15 - Test Case execution started writeExcelFile
2025-03-31 16:11:18 INFO  TestListeners:20 - Test Case Passed writeExcelFile
2025-03-31 16:11:18 INFO  TestListeners:21 - Description 
2025-03-31 16:11:18 INFO  TestListeners:41 - Test Suite execution finished....
2025-03-31 16:13:28 INFO  TestListeners:36 - Test Suite execution started....
2025-03-31 16:13:29 INFO  TestListeners:15 - Test Case execution started clickInAutoSuggestDD
2025-03-31 16:13:37 INFO  TestListeners:20 - Test Case Passed clickInAutoSuggestDD
2025-03-31 16:13:37 INFO  TestListeners:21 - Description 
2025-03-31 16:13:38 INFO  TestListeners:15 - Test Case execution started conditionalMethods
2025-03-31 16:13:39 ERROR TestListeners:26 - Test Case Failed conditionalMethods
2025-03-31 16:13:39 INFO  TestListeners:27 - Description Verify all conditional methods
2025-03-31 16:13:40 INFO  TestListeners:15 - Test Case execution started enableExtension
2025-03-31 16:13:45 ERROR TestListeners:26 - Test Case Failed enableExtension
2025-03-31 16:13:45 INFO  TestListeners:27 - Description 
2025-03-31 16:13:45 INFO  TestListeners:15 - Test Case execution started keyboardactions
2025-03-31 16:15:00 ERROR TestListeners:26 - Test Case Failed keyboardactions
2025-03-31 16:15:00 INFO  TestListeners:27 - Description 
2025-03-31 16:15:01 INFO  TestListeners:15 - Test Case execution started makeMyTrip
2025-03-31 16:15:06 ERROR TestListeners:26 - Test Case Failed makeMyTrip
2025-03-31 16:15:06 INFO  TestListeners:27 - Description Verify mmt small window close
2025-03-31 16:15:07 INFO  TestListeners:15 - Test Case execution started navigationCommands
2025-03-31 16:15:08 ERROR TestListeners:26 - Test Case Failed navigationCommands
2025-03-31 16:15:08 INFO  TestListeners:27 - Description Verify all navigation commands
2025-03-31 16:15:09 INFO  TestListeners:15 - Test Case execution started nykaa
2025-03-31 16:15:15 ERROR TestListeners:26 - Test Case Failed nykaa
2025-03-31 16:15:15 INFO  TestListeners:27 - Description 
2025-03-31 16:15:15 INFO  TestListeners:41 - Test Suite execution finished....
